// Jest Snapshot v1, https://goo.gl/fbAQLP

exports[`genres data is correct 1`] = `
Array [
  Object {
    "id": 5,
    "name": "Pop",
  },
  Object {
    "id": 6,
    "name": "Electronic/Dance",
  },
  Object {
    "id": 8,
    "name": "Rock",
  },
  Object {
    "id": 13,
    "name": "Country",
  },
]
`;

exports[`songs data is correct 1`] = `
Array [
  Object {
    "artist": "Pants Velour",
    "genre_id": 14,
    "id": 501437,
    "image_url": "https://raw.githubusercontent.com/XiteTV/frontend-coding-exercise/679a82b1e7110c16e14412f1debaa118c10078a9/images/501437/images/app/w522_h292.jpg",
    "release_year": 2014,
    "title": "All In",
  },
  Object {
    "artist": "El Koala",
    "genre_id": 8,
    "id": 501649,
    "image_url": "https://raw.githubusercontent.com/XiteTV/frontend-coding-exercise/679a82b1e7110c16e14412f1debaa118c10078a9/images/501649/images/app/w522_h292.jpg",
    "release_year": 2014,
    "title": "Veni paca to",
  },
  Object {
    "artist": "Tom Petty and the Heartbreakers",
    "genre_id": 8,
    "id": 501895,
    "image_url": "https://raw.githubusercontent.com/XiteTV/frontend-coding-exercise/679a82b1e7110c16e14412f1debaa118c10078a9/images/501895/images/app/w522_h292.jpg",
    "release_year": 2010,
    "title": "I Should Have Known It",
  },
]
`;
